REPORTE DE TESTS
========================================

✔ Inicialización exitosa para categoría 'pokemon' con URL 'https://example.com/pokemon'
✔ Selector inexistente correctamente manejado: None
✔ Selector de precio encontrado: //span[@class='price']
========================================
Tests ejecutados: 3
Tests exitosos : 3
Fallos         : 0
Errores        : 0
